2025-07-21 18:34:04,855 | WhispherBlade | INFO | 🔥 Whispherblade logging system activated
2025-07-21 18:34:04,870 | WhispherBlade | INFO | 🧠 Whispherblade initialized. Digital enlightenment awaits.
2025-07-21 18:34:04,870 | WhispherBlade | INFO | 🚀 Initializing Whispherblade core systems...
2025-07-21 18:34:04,871 | WhispherBlade | INFO | 📦 Loading module: problem_detector
2025-07-21 18:34:04,871 | WhispherBlade | INFO | 📦 Loading module: auto_healer
2025-07-21 18:34:04,871 | WhispherBlade | INFO | 📦 Loading module: hardware_scanner
2025-07-21 18:34:04,871 | WhispherBlade | INFO | ✅ Module problem_detector marked as available
2025-07-21 18:34:04,871 | WhispherBlade | INFO | ✅ Module auto_healer marked as available
2025-07-21 18:34:04,871 | WhispherBlade | INFO | ✅ Module hardware_scanner marked as available
2025-07-21 18:34:05,051 | WhispherBlade | INFO | 📚 Loaded knowledge from problems.json
2025-07-21 18:34:05,057 | WhispherBlade | INFO | 📚 Loaded knowledge from knowledge_db.json
2025-07-21 18:34:05,057 | WhispherBlade | INFO | ✅ Whispherblade fully operational. Ready to mock your technical incompetence.
2025-07-21 18:34:05,057 | WhispherBlade | INFO | 🔍 Processing query: Hello Whispherblade...
2025-07-21 18:34:05,059 | WhispherBlade | INFO | 🔥 Shutting down Whispherblade...
2025-07-21 18:34:05,059 | WhispherBlade | INFO | 💀 Whispherblade has departed. Until next time, human.
2025-07-21 18:34:11,195 | WhispherBlade | INFO | 🔥 Whispherblade logging system activated
2025-07-21 18:34:11,196 | WhispherBlade | INFO | 🧠 Whispherblade initialized. Digital enlightenment awaits.
2025-07-21 18:34:11,196 | WhispherBlade | INFO | 🚀 Initializing Whispherblade core systems...
2025-07-21 18:34:11,196 | WhispherBlade | INFO | 📦 Loading module: problem_detector
2025-07-21 18:34:11,196 | WhispherBlade | INFO | 📦 Loading module: auto_healer
2025-07-21 18:34:11,196 | WhispherBlade | INFO | 📦 Loading module: hardware_scanner
2025-07-21 18:34:11,196 | WhispherBlade | INFO | ✅ Module problem_detector marked as available
2025-07-21 18:34:11,196 | WhispherBlade | INFO | ✅ Module auto_healer marked as available
2025-07-21 18:34:11,196 | WhispherBlade | INFO | ✅ Module hardware_scanner marked as available
2025-07-21 18:34:11,369 | WhispherBlade | INFO | 📚 Loaded knowledge from problems.json
2025-07-21 18:34:11,375 | WhispherBlade | INFO | 📚 Loaded knowledge from knowledge_db.json
2025-07-21 18:34:11,375 | WhispherBlade | INFO | ✅ Whispherblade fully operational. Ready to mock your technical incompetence.
2025-07-21 18:34:11,375 | WhispherBlade | INFO | 💊 Initiating healing protocol for: auto
2025-07-21 18:34:12,342 | WhispherBlade | INFO | 🔥 Shutting down Whispherblade...
2025-07-21 18:34:12,342 | WhispherBlade | INFO | 💀 Whispherblade has departed. Until next time, human.
